drgldr-hrg1000-1.3.1-RC14 (Jun 27 2012 - 17:04:44)

DRAM:  128 MB
Comcerto Flash Subsystem Initialization
Flash: 32 MB
In:    serial
Out:   serial
Err:   serial
Reserve MSP memory
DDR Training : 
DLL_ADJ(0,1,2,3): 0x25,0x29,0x23,0x26
WR_DQS:delay0 0x89, delay1 0x8a, delay2 0x8b, delay3 0x89
Net:   comcerto_gemac0, comcerto_gemac1
Hit any key to stop autoboot:  0 
### JFFS2 loading '/.boot' to 0x84800000
Scanning JFFS2 FS (press ^C to abort): . done.
Completed scanning JFFS2 FS
### JFFS2 load complete: 314 bytes loaded to 0x84800000
Image -1 will be be loaded.
 -rw-r--r-- 11026897 Fri Aug 10 10:54:23 2012 drgos-hrg1000-1.6.5-R.img
 -rw-r--r-- 11026897 Fri Aug 10 10:54:23 2012 drgos-hrg1000-1.6.5-R.img
### JFFS2 loading '/00/drgos-hrg1000-1.6.5-R.img' to 0x84800000
### JFFS2 load complete: 11026897 bytes loaded to 0x84800000
## Booting image at 84800000 ...
   Image Name:   drgos-hrg1000-1.6.5-R
   Image Type:   ARM Linux Kernel Image (gzip compressed)
   Data Size:    11026833 Bytes = 10.5 MB
   Load Address: 80808000
   Entry Point:  80808000
   Verifying Checksum ... OK
   Uncompressing Kernel Image ... OK
do_bootm()@cmd_bootm.c:433

Starting kernel ...

